// Jest Snapshot v1, https://goo.gl/fbAQLP

exports[`App Layout Index correctly 1`] = `
<div
  className="theme-user"
/>
`;
