// Jest Snapshot v1, https://goo.gl/fbAQLP

exports[`Edit Layout Index correctly 1`] = `null`;
